Log file open, 07/13/25 16:56:13
LogTrace: Initializing trace...
LogTrace: Finished trace initialization.
LogInit: Session CrashGUID >====================================================
         Session CrashGUID >   UECC-Windows-8D4B4DFD42C789CEB0EBB0BABA1A24CB
         Session CrashGUID >====================================================
LogConfig: No local boot hotfix file found at: [../../../../../../Users/lucio/OneDrive/Documentos/GitHub/MotoresComerciales-1-2025/MotoresComerciales1/Saved/PersistentDownloadDir/HotfixForNextBoot.txt]
LogPluginManager: Mounting Engine plugin PlatformCrypto
LogInit: ExecutableName: UnrealPak.exe
LogInit: Build: ++UE5+Release-5.5-CL-40574608
LogInit: Platform=WindowsEditor
LogInit: MachineId=20d72a4a41500ac69c97018ee05ea927
LogInit: DeviceId=
LogInit: Engine Version: 5.5.4-40574608+++UE5+Release-5.5
LogInit: Compatible Engine Version: 5.5.0-37670630+++UE5+Release-5.5
LogInit: Net CL: 37670630
LogInit: OS: Windows 11 (24H2) [10.0.26100.4652] (), CPU: Intel(R) Core(TM) i7-10850H CPU @ 2.70GHz, GPU: Intel(R) UHD Graphics
LogInit: Compiled (64-bit): Mar  7 2025 14:59:45
LogInit: Architecture: x64
LogInit: Compiled with Visual C++: 19.38.33130.00
LogInit: Build Configuration: Development
LogInit: Branch Name: ++UE5+Release-5.5
LogInit: Command Line: -CreateGlobalContainer=C:\Users\lucio\OneDrive\Documentos\GitHub\MotoresComerciales-1-2025\MotoresComerciales1\Saved\StagedBuilds\Windows\MotoresComerciales1\Content\Paks\global.utoc -PackageStoreManifest=C:\Users\lucio\OneDrive\Documentos\GitHub\MotoresComerciales-1-2025\MotoresComerciales1\Saved\Cooked\Windows\MotoresComerciales1\Metadata\packagestore.manifest -CookedDirectory=C:\Users\lucio\OneDrive\Documentos\GitHub\MotoresComerciales-1-2025\MotoresComerciales1\Saved\Cooked\Windows -Commands="C:\Users\lucio\AppData\Roaming\Unreal Engine\AutomationTool\Logs\C+Program+Files+Epic+Games+UE_5.5\IoStoreCommands.txt" -ScriptObjects=C:\Users\lucio\OneDrive\Documentos\GitHub\MotoresComerciales-1-2025\MotoresComerciales1\Saved\Cooked\Windows\MotoresComerciales1\Metadata\scriptobjects.bin -patchpaddingalign=2048 -compressionformats=Oodle -compresslevel=4 -compressmethod=Kraken -cryptokeys=C:\Users\lucio\OneDrive\Documentos\GitHub\MotoresComerciales-1-2025\MotoresComerciales1\Saved\Cooked\Windows\MotoresComerciales1\Metadata\Crypto.json -compressionMinBytesSaved=1024 -compressionMinPercentSaved=5 -WriteBackMetadataToAssetRegistry=Disabled -nopak
LogInit: Base Directory: C:/Program Files/Epic Games/UE_5.5/Engine/Binaries/Win64/
LogInit: Allocator: Mimalloc
LogInit: Installed Engine Build: 1
LogInit: This binary is optimized with LTO: no, PGO: no, instrumented for PGO data collection: no
LogDevObjectVersion: Number of dev versions registered: 35
LogDevObjectVersion:   Dev-Blueprints (B0D832E4-1F89-4F0D-ACCF-7EB736FD4AA2): 10
LogDevObjectVersion:   Dev-Build (E1C64328-A22C-4D53-A36C-8E866417BD8C): 0
LogDevObjectVersion:   Dev-Core (375EC13C-06E4-48FB-B500-84F0262A717E): 4
LogDevObjectVersion:   Dev-Editor (E4B068ED-F494-42E9-A231-DA0B2E46BB41): 40
LogDevObjectVersion:   Dev-Framework (CFFC743F-43B0-4480-9391-14DF171D2073): 37
LogDevObjectVersion:   Dev-Mobile (B02B49B5-BB20-44E9-A304-32B752E40360): 3
LogDevObjectVersion:   Dev-Networking (A4E4105C-59A1-49B5-A7C5-40C4547EDFEE): 0
LogDevObjectVersion:   Dev-Online (39C831C9-5AE6-47DC-9A44-9C173E1C8E7C): 0
LogDevObjectVersion:   Dev-Physics (78F01B33-EBEA-4F98-B9B4-84EACCB95AA2): 20
LogDevObjectVersion:   Dev-Platform (6631380F-2D4D-43E0-8009-CF276956A95A): 0
LogDevObjectVersion:   Dev-Rendering (12F88B9F-8875-4AFC-A67C-D90C383ABD29): 49
LogDevObjectVersion:   Dev-Sequencer (7B5AE74C-D270-4C10-A958-57980B212A5A): 13
LogDevObjectVersion:   Dev-VR (D7296918-1DD6-4BDD-9DE2-64A83CC13884): 3
LogDevObjectVersion:   Dev-LoadTimes (C2A15278-BFE7-4AFE-6C17-90FF531DF755): 1
LogDevObjectVersion:   Private-Geometry (6EACA3D4-40EC-4CC1-B786-8BED09428FC5): 3
LogDevObjectVersion:   Dev-AnimPhys (29E575DD-E0A3-4627-9D10-D276232CDCEA): 17
LogDevObjectVersion:   Dev-Anim (AF43A65D-7FD3-4947-9873-3E8ED9C1BB05): 15
LogDevObjectVersion:   Dev-ReflectionCapture (6B266CEC-1EC7-4B8F-A30B-E4D90942FC07): 1
LogDevObjectVersion:   Dev-Automation (0DF73D61-A23F-47EA-B727-89E90C41499A): 1
LogDevObjectVersion:   FortniteMain (601D1886-AC64-4F84-AA16-D3DE0DEAC7D6): 170
LogDevObjectVersion:   FortniteValkyrie (8DBC2C5B-54A7-43E0-A768-FCBB7DA29060): 8
LogDevObjectVersion:   FortniteSeason (5B4C06B7-2463-4AF8-805B-BF70CDF5D0DD): 13
LogDevObjectVersion:   FortniteRelease (E7086368-6B23-4C58-8439-1B7016265E91): 15
LogDevObjectVersion:   Dev-Enterprise (9DFFBCD6-494F-0158-E221-12823C92A888): 10
LogDevObjectVersion:   Dev-Niagara (F2AED0AC-9AFE-416F-8664-AA7FFA26D6FC): 1
LogDevObjectVersion:   Dev-Destruction (174F1F0B-B4C6-45A5-B13F-2EE8D0FB917D): 10
LogDevObjectVersion:   Dev-Physics-Ext (35F94A83-E258-406C-A318-09F59610247C): 41
LogDevObjectVersion:   Dev-PhysicsMaterial-Chaos (B68FC16E-8B1B-42E2-B453-215C058844FE): 1
LogDevObjectVersion:   Dev-CineCamera (B2E18506-4273-CFC2-A54E-F4BB758BBA07): 1
LogDevObjectVersion:   Dev-VirtualProduction (64F58936-FD1B-42BA-BA96-7289D5D0FA4E): 1
LogDevObjectVersion:   UE5-Main (697DD581-E64F-41AB-AA4A-51ECBEB7B628): 119
LogDevObjectVersion:   UE5-Release (D89B5E42-24BD-4D46-8412-ACA8DF641779): 51
LogDevObjectVersion:   UE5-PrivateFrosty (59DA5D52-1232-4948-B878-597870B8E98B): 8
LogDevObjectVersion:   Dev-MediaFramework (6F0ED827-A609-4895-9C91-998D90180EA4): 2
LogDevObjectVersion:   Dev-NaniteResearch (30D58BE3-95EA-4282-A6E3-B159D8EBB06A): 1
LogConfig: Branch 'PlatformCrypto' had been unloaded. Reloading on-demand took 0.84ms
LogInit: Presizing for max 100000 objects, including 0 objects not considered by GC.
LogInit: Object subsystem initialized
LogConfig: Applying CVar settings from Section [Startup] File [../../../Engine/Config/ConsoleVariables.ini]
LogConfig: CVar [[r.DumpShaderDebugInfo:2]] deferred - dummy variable created
LogConfig: CVar [[p.chaos.AllowCreatePhysxBodies:1]] deferred - dummy variable created
LogConfig: CVar [[fx.SkipVectorVMBackendOptimizations:1]] deferred - dummy variable created
LogConfig: CVar [[ds.CADTranslator.Meshing.ActivateThinZoneMeshing:0]] deferred - dummy variable created
LogConfig: CVar [[ds.CADTranslator.Stitching.RemoveThinFaces:0]] deferred - dummy variable created
[2025.07.13-22.56.13:438][  0]LogConfig: Applying CVar settings from Section [Startup_Windows] File [../../../Engine/Config/ConsoleVariables.ini]
[2025.07.13-22.56.13:438][  0]LogConfig: Applying CVar settings from Section [ConsoleVariables] File [Engine]
[2025.07.13-22.56.13:438][  0]LogConfig: Set CVar [[memory.MemoryPressureCriticalThresholdMB:512]]
[2025.07.13-22.56.13:439][  0]LogInit: Computer: PATASOFT-01
[2025.07.13-22.56.13:439][  0]LogInit: User: lucio
[2025.07.13-22.56.13:439][  0]LogInit: CPU Page size=4096, Cores=6
[2025.07.13-22.56.13:439][  0]LogInit: High frequency timer resolution =10.000000 MHz
[2025.07.13-22.56.14:044][  0]LogMemory: Process is running as part of a Windows Job with separate resource limits
[2025.07.13-22.56.14:044][  0]LogMemory: Memory total: Physical=31.6GB (32GB approx) Virtual=33.6GB
[2025.07.13-22.56.14:045][  0]LogMemory: Platform Memory Stats for WindowsEditor
[2025.07.13-22.56.14:045][  0]LogMemory: Process Physical Memory: 58.62 MB used, 59.39 MB peak
[2025.07.13-22.56.14:045][  0]LogMemory: Process Virtual Memory: 111.20 MB used, 111.20 MB peak
[2025.07.13-22.56.14:045][  0]LogMemory: Physical Memory: 15430.36 MB used,  16970.75 MB free, 32401.11 MB total
[2025.07.13-22.56.14:045][  0]LogMemory: Virtual Memory: 26206.55 MB used,  8242.56 MB free, 34449.11 MB total
[2025.07.13-22.56.14:060][  0]LogAssetRegistry: FAssetRegistry took 0.0002 seconds to start up
[2025.07.13-22.56.14:063][  0]LogUObjectArray: 438 objects as part of root set at end of initial load.
[2025.07.13-22.56.14:063][  0]LogUObjectArray: CloseDisregardForGC: 0/0 objects in disregard for GC pool
[2025.07.13-22.56.14:063][  0]LogInit: Using OS detected language ().
[2025.07.13-22.56.14:063][  0]LogInit: Using OS detected locale ().
[2025.07.13-22.56.14:065][  0]LogTextLocalizationManager: No localization for '' exists, so 'en' will be used for the language.
[2025.07.13-22.56.14:066][  0]LogTextLocalizationManager: No localization for '' exists, so 'en' will be used for the locale.
[2025.07.13-22.56.14:066][  0]LogInit: Using OS detected language ().
[2025.07.13-22.56.14:066][  0]LogInit: Using OS detected locale ().
[2025.07.13-22.56.14:066][  0]LogTextLocalizationManager: No localization for '' exists, so 'en' will be used for the language.
[2025.07.13-22.56.14:066][  0]LogTextLocalizationManager: No localization for '' exists, so 'en' will be used for the locale.
[2025.07.13-22.56.14:067][  0]LogPakFile: Display: ProjectDir: ../../../../../../Users/lucio/OneDrive/Documentos/GitHub/MotoresComerciales-1-2025/MotoresComerciales1/
[2025.07.13-22.56.14:069][  0]LogIoStore: Display: ==================== IoStore Utils ====================
[2025.07.13-22.56.14:075][  0]LogIoStore: Display: Parsing crypto keys from a crypto key cache file 'C:\Users\lucio\OneDrive\Documentos\GitHub\MotoresComerciales-1-2025\MotoresComerciales1\Saved\Cooked\Windows\MotoresComerciales1\Metadata\Crypto.json'
[2025.07.13-22.56.14:085][  0]LogIoStore: Display: Container signing - DISABLED
[2025.07.13-22.56.14:085][  0]LogIoStore: Display: Directory index - ENABLED
[2025.07.13-22.56.14:085][  0]LogIoStore: Display: Using compression format 'Oodle'
[2025.07.13-22.56.14:085][  0]LogIoStore: Display: Using memory mapping alignment '16384'
[2025.07.13-22.56.14:085][  0]LogIoStore: Display: Using compression block size '65536'
[2025.07.13-22.56.14:085][  0]LogIoStore: Display: Using compression block alignment '2048'
[2025.07.13-22.56.14:085][  0]LogIoStore: Display: Using compression min bytes saved '1024'
[2025.07.13-22.56.14:085][  0]LogIoStore: Display: Using compression min percent saved '5'
[2025.07.13-22.56.14:085][  0]LogIoStore: Display: Using max partition size '0'
[2025.07.13-22.56.14:085][  0]LogIoStore: Display: Not using DDC for compression
[2025.07.13-22.56.14:085][  0]LogIoStore: Display: Using command list file: 'C:\Users\lucio\AppData\Roaming\Unreal Engine\AutomationTool\Logs\C+Program+Files+Epic+Games+UE_5.5\IoStoreCommands.txt'
[2025.07.13-22.56.14:147][  0]LogIoStore: Display: Selected Oodle level 4 (Normal) from command line for shaders
[2025.07.13-22.56.14:149][  0]LogIoStore: Display: Fetched 533 oplog items from Manifest in 0.00 seconds
[2025.07.13-22.56.14:158][  0]LogIoStore: Display: Parsed 533 oplog items 0.01 seconds, 680 chunks
[2025.07.13-22.56.14:176][  0]LogIoStore: Display: Using input asset registry: C:/Users/lucio/OneDrive/Documentos/GitHub/MotoresComerciales-1-2025/MotoresComerciales1/Saved/Cooked/Windows/MotoresComerciales1/Metadata/DevelopmentAssetRegistry.bin
[2025.07.13-22.56.14:192][  0]LogIoStore: Display: Loaded 154 chunk hashes from AssetRegistry in 0.03 seconds, 154 hashes updated in 0.00 seconds
[2025.07.13-22.56.14:196][  0]LogIoStore: Display: Searching for cooked assets in folder 'C:\Users\lucio\OneDrive\Documentos\GitHub\MotoresComerciales-1-2025\MotoresComerciales1\Saved\Cooked\Windows'
[2025.07.13-22.56.14:251][  0]LogIoStore: Display: Found '1214' files
[2025.07.13-22.56.14:283][  0]LogIoStore: Display: Creating container targets...
[2025.07.13-22.56.14:290][  0]OodleDataCompression: Display: Oodle v2.9.12 format for pak/iostore with method=Kraken, level=4=Normal
[2025.07.13-22.56.14:427][  0]LogIoStore: Display: Parsing packages...
[2025.07.13-22.56.14:427][  0]LogIoStore: Display: Reading package assets...
[2025.07.13-22.56.14:458][  0]LogIoStore: Display: Packages read 526 files in 0.03 seconds, 757,544 total bytes, 24,860,820 bytes per second
[2025.07.13-22.56.14:464][  0]LogIoStore: Display: Processing shader libraries, compressing with Oodle Mermaid, level 4 (Normal)
[2025.07.13-22.56.14:492][  0]LogShaderLibrary: Display: Created IoStoreShaderArchive header: shaders grouped in 362 groups (135 of them didn't need new indices), average uncompressed size 157036 bytes, min 249 bytes, max 1042473 bytes (r.ShaderCodeLibrary.MaxShaderGroupSize=1048576)
[2025.07.13-22.56.14:927][  0]LogIoStore: Display: Global-PCD3D_SM5(PCD3D_SM5): Recompressed 3921 shaders as 362 groups. Library size changed from 12731 KB (4.36 : 1 ratio) to 5632 KB (9.86 : 1 ratio), 44.24% of previous.
[2025.07.13-22.56.15:039][  0]LogShaderLibrary: Display: Created IoStoreShaderArchive header: shaders grouped in 545 groups (183 of them didn't need new indices), average uncompressed size 213093 bytes, min 1249 bytes, max 1039670 bytes (r.ShaderCodeLibrary.MaxShaderGroupSize=1048576)
[2025.07.13-22.56.16:772][  0]LogIoStore: Display: Global-PCD3D_SM6(PCD3D_SM6): Recompressed 7590 shaders as 545 groups. Library size changed from 86673 KB (1.31 : 1 ratio) to 48887 KB (2.32 : 1 ratio), 56.40% of previous.
[2025.07.13-22.56.16:801][  0]LogShaderLibrary: Display: Created IoStoreShaderArchive header: shaders grouped in 169 groups (58 of them didn't need new indices), average uncompressed size 141208 bytes, min 490 bytes, max 982542 bytes (r.ShaderCodeLibrary.MaxShaderGroupSize=1048576)
[2025.07.13-22.56.16:966][  0]LogIoStore: Display: MotoresComerciales1-PCD3D_SM5(PCD3D_SM5): Recompressed 1649 shaders as 169 groups. Library size changed from 6233 KB (3.74 : 1 ratio) to 2047 KB (11.38 : 1 ratio), 32.85% of previous.
[2025.07.13-22.56.17:000][  0]LogShaderLibrary: Display: Created IoStoreShaderArchive header: shaders grouped in 197 groups (46 of them didn't need new indices), average uncompressed size 222117 bytes, min 2342 bytes, max 1036479 bytes (r.ShaderCodeLibrary.MaxShaderGroupSize=1048576)
[2025.07.13-22.56.17:667][  0]LogIoStore: Display: MotoresComerciales1-PCD3D_SM6(PCD3D_SM6): Recompressed 2971 shaders as 197 groups. Library size changed from 32446 KB (1.32 : 1 ratio) to 19900 KB (2.15 : 1 ratio), 61.33% of previous.
[2025.07.13-22.56.17:674][  0]LogIoStore: Display: Shaders processed in 3.21 seconds
[2025.07.13-22.56.17:675][  0]LogIoStore: Display: Initialized WriteRequestManager with MaxConcurrentSourceReads=6 (12 cores), MaxSourceBufferMemory=3072MiB
[2025.07.13-22.56.17:680][  0]LogIoStore: Display: Processing redirects...
[2025.07.13-22.56.17:680][  0]LogIoStore: Display: Creating disk layout...
[2025.07.13-22.56.17:681][  0]LogIoStore: Display: Ordered 526 packages using fallback bundle order
[2025.07.13-22.56.17:755][  0]LogIoStore: Display: Serializing container(s)...
[2025.07.13-22.56.19:765][  0]LogIoStore: Display: Writing chunks 573/1957... [17 compressed] [2 compression tasks] [Physical: 1030 MiB, Virtual: 4366 MiB]
[2025.07.13-22.56.21:771][  0]LogIoStore: Display: Writing chunks 1143/1957... [51 compressed] [4384 compression tasks] [Physical: 1890 MiB, Virtual: 4737 MiB]
[2025.07.13-22.56.23:805][  0]LogIoStore: Display: Writing chunks 1808/1957... [532 compressed] [1775 compression tasks] [Physical: 1154 MiB, Virtual: 3804 MiB]
[2025.07.13-22.56.25:823][  0]LogIoStore: Display: Writing chunks 1821/1957... [547 compressed] [1168 compression tasks] [Physical: 1115 MiB, Virtual: 3649 MiB]
[2025.07.13-22.56.27:837][  0]LogIoStore: Display: Writing chunks 1840/1957... [564 compressed] [383 compression tasks] [Physical: 1067 MiB, Virtual: 3438 MiB]
[2025.07.13-22.56.28:551][  0]LogIoStore: Display: Writing and compressing took 8.91 seconds, writes to disk took 1.14 seconds for 501,854,464 bytes @ 441,517,052 bytes per second.
[2025.07.13-22.56.28:551][  0]LogIoStore: Display: global: Found perfect hashmap for 1 items.
[2025.07.13-22.56.28:553][  0]LogIoStore: Display: MotoresComerciales1-Windows: Found perfect hashmap for 1956 items.
[2025.07.13-22.56.28:573][  0]LogIoStore: Display: Finalize took 0.0 seconds for 2 writers to write 422,434 bytes, 15,541,346 bytes per second
[2025.07.13-22.56.28:573][  0]LogIoStore: Display: Writing tocs... [Physical: 1047 MiB, Virtual: 3359 MiB]
[2025.07.13-22.56.28:573][  0]LogIoStore: Display: 154 / 1,957 hashes were loaded from the hash database, by type:
[2025.07.13-22.56.28:573][  0]LogIoStore: Display:     BulkData                   154
[2025.07.13-22.56.28:573][  0]LogIoStore: Display: 680 / 1,957 chunks attempted to compress, by type:
[2025.07.13-22.56.28:573][  0]LogIoStore: Display:     ExportBundleData           526 / 526
[2025.07.13-22.56.28:573][  0]LogIoStore: Display:     BulkData                   154 / 154
[2025.07.13-22.56.28:573][  0]LogIoStore: Display:     ScriptObjects              0 / 1
[2025.07.13-22.56.28:573][  0]LogIoStore: Display:     ContainerHeader            0 / 1
[2025.07.13-22.56.28:573][  0]LogIoStore: Display:     ShaderCodeLibrary          0 / 4
[2025.07.13-22.56.28:573][  0]LogIoStore: Display:     ShaderCode                 0 / 1,271
[2025.07.13-22.56.28:573][  0]LogIoStore: Display: Source bytes read:
[2025.07.13-22.56.28:574][  0]LogIoStore: Display:     Zen:                                  0
[2025.07.13-22.56.28:574][  0]LogIoStore: Display:     Loose File:               2,408,061,506
[2025.07.13-22.56.28:574][  0]LogIoStore: Display:         ExportBundleData       1,958,424,446 bytes over 1,052 reads
[2025.07.13-22.56.28:574][  0]LogIoStore: Display:         BulkData                449,637,060 bytes over 154 reads
[2025.07.13-22.56.28:574][  0]LogIoStore: Display:     Memory:                     157,897,936
[2025.07.13-22.56.28:574][  0]LogIoStore: Display:         ShaderCodeLibrary         1,297,296 bytes over 8 reads
[2025.07.13-22.56.28:574][  0]LogIoStore: Display:         ShaderCode              156,600,640 bytes over 2,542 reads
[2025.07.13-22.56.28:574][  0]LogIoStore: Display: Calculating stats...
[2025.07.13-22.56.28:574][  0]LogIoStore: Display: 
[2025.07.13-22.56.28:574][  0]LogIoStore: Display: Container Summary
[2025.07.13-22.56.28:574][  0]LogIoStore: Display: ==================
[2025.07.13-22.56.28:574][  0]LogIoStore: Display: 
[2025.07.13-22.56.28:574][  0]LogIoStore: Display: Container                                               Flags      Chunk(s) #       TOC (KiB)       Raw Size (MiB)           Size (MiB)
[2025.07.13-22.56.28:574][  0]LogIoStore: Display: ----------------------------------------------------------------------------------------------------------------------------------------------
[2025.07.13-22.56.28:574][  0]LogIoStore: Display: global                                              -/-/-/-/-               1            0.62                 2.29                 2.29 -
[2025.07.13-22.56.28:574][  0]LogIoStore: Display: MotoresComerciales1-Windows                         C/-/-/I/-            1956          411.91              1439.83               476.31 (66.92% Oodle)
[2025.07.13-22.56.28:574][  0]LogIoStore: Display: ----------------------------------------------------------------------------------------------------------------------------------------------
[2025.07.13-22.56.28:574][  0]LogIoStore: Display: Total                                                                    1957          412.53              1442.13               478.61
[2025.07.13-22.56.28:574][  0]LogIoStore: Display: 
[2025.07.13-22.56.28:574][  0]LogIoStore: Display: ** Flags: (C)ompressed / (E)ncrypted / (S)igned) / (I)ndexed) / (O)nDemand **
[2025.07.13-22.56.28:574][  0]LogIoStore: Display: 
[2025.07.13-22.56.28:574][  0]LogIoStore: Display: Compression block padding:     1.42 MiB
[2025.07.13-22.56.28:574][  0]LogIoStore: Display: 
[2025.07.13-22.56.28:574][  0]LogIoStore: Display: Container Directory Index
[2025.07.13-22.56.28:574][  0]LogIoStore: Display: ==========================
[2025.07.13-22.56.28:574][  0]LogIoStore: Display: 
[2025.07.13-22.56.28:574][  0]LogIoStore: Display: Container                                          Size (KiB)
[2025.07.13-22.56.28:574][  0]LogIoStore: Display: ----------------------------------------------------------------------------------------------------------------------------------------------
[2025.07.13-22.56.28:574][  0]LogIoStore: Display: global                                                   0.00
[2025.07.13-22.56.28:574][  0]LogIoStore: Display: MotoresComerciales1-Windows                             32.41
[2025.07.13-22.56.28:574][  0]LogIoStore: Display: 
[2025.07.13-22.56.28:574][  0]LogIoStore: Display: Container Patch Report
[2025.07.13-22.56.28:574][  0]LogIoStore: Display: ========================
[2025.07.13-22.56.28:574][  0]LogIoStore: Display: 
[2025.07.13-22.56.28:574][  0]LogIoStore: Display: Container                                             Total #       Modified #          Added #   Modified (MiB)      Added (MiB)
[2025.07.13-22.56.28:574][  0]LogIoStore: Display: ----------------------------------------------------------------------------------------------------------------------------------------------
[2025.07.13-22.56.28:574][  0]LogIoStore: Display: global                                                      1                0                0             0.00             0.00
[2025.07.13-22.56.28:574][  0]LogIoStore: Display: MotoresComerciales1-Windows                              1956                0             1956             0.00           474.89
[2025.07.13-22.56.28:574][  0]LogIoStore: Display: 
[2025.07.13-22.56.28:575][  0]LogIoStore: Display: PackageStore
[2025.07.13-22.56.28:575][  0]LogIoStore: Display: =============
[2025.07.13-22.56.28:575][  0]LogIoStore: Display: 
[2025.07.13-22.56.28:575][  0]LogIoStore: Display: Container                                          Size (KiB)      Packages #     Localized #
[2025.07.13-22.56.28:575][  0]LogIoStore: Display: ----------------------------------------------------------------------------------------------------------------------------------------------
[2025.07.13-22.56.28:575][  0]LogIoStore: Display: MotoresComerciales1-Windows                                16             526               0
[2025.07.13-22.56.28:575][  0]LogIoStore: Display: ----------------------------------------------------------------------------------------------------------------------------------------------
[2025.07.13-22.56.28:575][  0]LogIoStore: Display: Total                                                      16             526               0
[2025.07.13-22.56.28:575][  0]LogIoStore: Display: 
[2025.07.13-22.56.28:575][  0]LogIoStore: Display: 
[2025.07.13-22.56.28:575][  0]LogIoStore: Display: Input:       526 Packages
[2025.07.13-22.56.28:575][  0]LogIoStore: Display: Input:      0.91 GB UExp
[2025.07.13-22.56.28:576][  0]LogIoStore: Display: Input:      0.00 GB UAsset
[2025.07.13-22.56.28:576][  0]LogIoStore: Display: Input:      0.42 GB UBulk
[2025.07.13-22.56.28:576][  0]LogIoStore: Display: Input:     53.24 MB for 907 Global shaders
[2025.07.13-22.56.28:576][  0]LogIoStore: Display: Input:      1.75 MB for 153 Shared shaders
[2025.07.13-22.56.28:576][  0]LogIoStore: Display: Input:      0.00 MB for 0 Unique shaders
[2025.07.13-22.56.28:576][  0]LogIoStore: Display: Input:     19.68 MB for 211 Inline shaders
[2025.07.13-22.56.28:576][  0]LogIoStore: Display: 
[2025.07.13-22.56.28:576][  0]LogIoStore: Display: Output:     4581 Name map entries
[2025.07.13-22.56.28:576][  0]LogIoStore: Display: Output:      520 Imported package entries
[2025.07.13-22.56.28:576][  0]LogIoStore: Display: Output:      318 Packages without imports
[2025.07.13-22.56.28:576][  0]LogIoStore: Display: Output:        0 Public runtime script objects
[2025.07.13-22.56.28:576][  0]LogIoStore: Display: Output:     0.00 GB HeaderData
[2025.07.13-22.56.28:576][  0]LogIoStore: Display: Output:     2.29 MB InitialLoadData
[2025.07.13-22.56.28:576][  0]LogIoStore: Display: 
[2025.07.13-22.56.28:583][  0]LogPakFile: Display: UnrealPak executed in 14.516240 seconds
[2025.07.13-22.56.28:584][  0]LogCore: Engine exit requested (reason: UnrealPak Exiting)
[2025.07.13-22.56.28:584][  0]LogExit: Preparing to exit.
[2025.07.13-22.56.28:586][  0]LogExit: Object subsystem successfully closed.
[2025.07.13-22.56.28:588][  0]LogPakFile: Destroying PakPlatformFile
[2025.07.13-22.56.28:590][  0]LogExit: Exiting.
[2025.07.13-22.56.28:620][  0]Log file closed, 07/13/25 16:56:28
